2026-03-16 00:14:40 - INFO - __main__ - Loading embeddings from ./embeddings/dacl-dr-nq/passage_embeddings.npy ...
2026-03-16 00:14:51 - INFO - __main__ - Converting float16 -> float32 for FAISS
2026-03-16 00:16:04 - INFO - __main__ - Embeddings shape: (21015324, 768), dtype: float32
2026-03-16 00:16:04 - INFO - __main__ - ==================================================
2026-03-16 00:16:04 - INFO - __main__ - Building Flat index (dim=768)...
2026-03-16 00:16:38 - INFO - __main__ - Flat index built: 21015324 vectors
2026-03-16 00:17:21 - INFO - __main__ - Saved index to ./embeddings/dacl-dr-nq/indexes/flat.index (64.56 GB)
2026-03-16 00:17:24 - INFO - __main__ - ==================================================
2026-03-16 00:17:24 - INFO - __main__ - Building HNSW index (dim=768, M=32, efConstruction=200, metric=IP)...
2026-03-16 01:31:08 - INFO - __main__ - HNSW index built: 21015324 vectors, 4423.6 seconds
2026-03-16 01:31:54 - INFO - __main__ - Saved index to ./embeddings/dacl-dr-nq/indexes/hnsw_M32.index (70.28 GB)
2026-03-16 01:32:00 - INFO - __main__ - ==================================================
2026-03-16 01:32:00 - INFO - __main__ - Building IVF index (dim=768, nlist=4096)...
2026-03-16 01:32:02 - INFO - __main__ - Training IVF with 1000000 vectors...
2026-03-16 01:33:03 - INFO - __main__ - IVF training done: 60.6 seconds
2026-03-16 01:33:03 - INFO - __main__ - Adding vectors to IVF index...
2026-03-16 01:35:09 - INFO - __main__ - IVF index built: 21015324 vectors, 126.1 seconds
2026-03-16 01:35:51 - INFO - __main__ - Saved index to ./embeddings/dacl-dr-nq/indexes/ivf_nlist4096.index (64.74 GB)
2026-03-16 01:35:57 - INFO - __main__ - ==================================================
2026-03-16 01:35:57 - INFO - __main__ - Building IVF-PQ index (dim=768, nlist=4096, m=48, nbits=8)...
2026-03-16 01:35:58 - INFO - __main__ - Training IVF-PQ with 1000000 vectors...
2026-03-16 01:37:27 - INFO - __main__ - IVF-PQ training done: 88.3 seconds
2026-03-16 01:37:27 - INFO - __main__ - Adding vectors to IVF-PQ index...
2026-03-16 01:53:54 - INFO - __main__ - IVF-PQ index built: 21015324 vectors, 987.7 seconds
2026-03-16 01:53:56 - INFO - __main__ - Saved index to ./embeddings/dacl-dr-nq/indexes/ivf_pq_nlist4096_m48.index (1.19 GB)
2026-03-16 01:53:56 - INFO - __main__ - All indexes built successfully.
