2026-03-17 09:19:07 - INFO - __main__ - Loading embeddings from ./embeddings/dacl-dr-trivia/passage_embeddings.npy ...
2026-03-17 09:19:17 - INFO - __main__ - Converting float16 -> float32 for FAISS
2026-03-17 09:20:02 - INFO - __main__ - Embeddings shape: (21015324, 768), dtype: float32
2026-03-17 09:20:02 - INFO - __main__ - ==================================================
2026-03-17 09:20:02 - INFO - __main__ - Building Flat index (dim=768)...
2026-03-17 09:20:39 - INFO - __main__ - Flat index built: 21015324 vectors
2026-03-17 09:21:28 - INFO - __main__ - Saved index to ./embeddings/dacl-dr-trivia/indexes/flat.index (64.56 GB)
2026-03-17 09:21:31 - INFO - __main__ - ==================================================
2026-03-17 09:21:31 - INFO - __main__ - Building HNSW index (dim=768, M=32, efConstruction=200, metric=IP)...
2026-03-17 11:12:58 - INFO - __main__ - HNSW index built: 21015324 vectors, 6687.4 seconds
2026-03-17 11:13:48 - INFO - __main__ - Saved index to ./embeddings/dacl-dr-trivia/indexes/hnsw_M32.index (70.28 GB)
2026-03-17 11:13:56 - INFO - __main__ - ==================================================
2026-03-17 11:13:56 - INFO - __main__ - Building IVF index (dim=768, nlist=4096)...
2026-03-17 11:13:58 - INFO - __main__ - Training IVF with 1000000 vectors...
2026-03-17 11:14:56 - INFO - __main__ - IVF training done: 58.0 seconds
2026-03-17 11:14:56 - INFO - __main__ - Adding vectors to IVF index...
2026-03-17 11:16:50 - INFO - __main__ - IVF index built: 21015324 vectors, 114.4 seconds
2026-03-17 11:17:35 - INFO - __main__ - Saved index to ./embeddings/dacl-dr-trivia/indexes/ivf_nlist4096.index (64.74 GB)
2026-03-17 11:17:42 - INFO - __main__ - ==================================================
2026-03-17 11:17:42 - INFO - __main__ - Building IVF-PQ index (dim=768, nlist=4096, m=48, nbits=8)...
2026-03-17 11:17:44 - INFO - __main__ - Training IVF-PQ with 1000000 vectors...
2026-03-17 11:18:46 - INFO - __main__ - IVF-PQ training done: 61.9 seconds
2026-03-17 11:18:46 - INFO - __main__ - Adding vectors to IVF-PQ index...
2026-03-17 11:32:08 - INFO - __main__ - IVF-PQ index built: 21015324 vectors, 802.0 seconds
2026-03-17 11:32:09 - INFO - __main__ - Saved index to ./embeddings/dacl-dr-trivia/indexes/ivf_pq_nlist4096_m48.index (1.19 GB)
2026-03-17 11:32:09 - INFO - __main__ - All indexes built successfully.
