2026-03-16 23:58:37 - INFO - __main__ - Device: cuda
2026-03-16 23:58:37 - INFO - __main__ - Args: {
  "dataset": "trivia",
  "data_dir": "./data_set",
  "mined_data_path": "./data_set/TriviaQA/trivia-train-mined.json",
  "model_name": "./bert-base-uncase-backbone",
  "pooling_type": "cls",
  "shared_encoder": false,
  "normalize": true,
  "batch_size": 128,
  "learning_rate": 2e-05,
  "warmup_ratio": 0.1,
  "weight_decay": 0.0,
  "max_grad_norm": 2.0,
  "fp16": true,
  "temperature": 0.05,
  "distance_weight": 0.4,
  "num_hard_negatives": 7,
  "seed": 42,
  "gradient_accumulation_steps": 1,
  "max_query_length": 256,
  "max_passage_length": 256,
  "stage1_epochs": 10,
  "stage2_epochs": 20,
  "stage3_max_epochs": 10,
  "early_stopping_patience": 5,
  "val_av_rank_max_qs": 2000,
  "output_dir": "./checkpoints/trivia",
  "log_steps": 50,
  "resume_checkpoint": "./checkpoints/trivia/best_model_stage2",
  "resume_stage": 3,
  "num_workers": 4,
  "stage2_batch_size": 32,
  "stage2_gradient_accumulation_steps": 4
}
2026-03-16 23:58:37 - INFO - __main__ - Train: ./data_set/TriviaQA/trivia-train.json
2026-03-16 23:58:37 - INFO - __main__ - Dev: ./data_set/TriviaQA/trivia-dev.json
2026-03-16 23:58:38 - INFO - __main__ - Model loaded: ./bert-base-uncase-backbone (shared=False, normalize=True, pooling=cls)
2026-03-16 23:58:38 - INFO - __main__ - Resuming from checkpoint: ./checkpoints/trivia/best_model_stage2 (stage=3)
2026-03-16 23:58:42 - INFO - __main__ - Loaded model weights from directory: ./checkpoints/trivia/best_model_stage2
2026-03-16 23:58:42 - INFO - __main__ - Skipping Stage 1 (resume_stage=3)
2026-03-16 23:58:42 - INFO - __main__ - Skipping Stage 2 (resume_stage=3)
2026-03-16 23:58:42 - INFO - __main__ - ============================================================
2026-03-16 23:58:42 - INFO - __main__ - Stage 3: Model Hard Negatives (epochs 30-39, early stopping patience=5)
2026-03-16 23:58:42 - INFO - __main__ - ============================================================
2026-03-16 23:59:24 - INFO - src.data.dataset - Loaded 60413 samples from ./data_set/TriviaQA/trivia-train-mined.json (stage=hard_neg)
2026-03-16 23:59:28 - WARNING - src.data.dataset - Filtered 2077 samples with empty positive_ctxs (23.5%)
2026-03-16 23:59:28 - INFO - src.data.dataset - Loaded 6760 samples from ./data_set/TriviaQA/trivia-dev.json (stage=hard_neg)
2026-03-16 23:59:28 - INFO - __main__ - Stage 3: batch_size=32, grad_accum=4, total_steps=4717, warmup_steps=471
2026-03-17 00:00:08 - INFO - __main__ - [stage3] Epoch 30 Step 50/1887 | loss=1.6957 infonce=1.5597 dist=0.3401 | lr=5.10e-07
2026-03-17 00:00:45 - INFO - __main__ - [stage3] Epoch 30 Step 100/1887 | loss=1.6434 infonce=1.5084 dist=0.3374 | lr=1.06e-06
2026-03-17 00:01:22 - INFO - __main__ - [stage3] Epoch 30 Step 150/1887 | loss=1.6237 infonce=1.4888 dist=0.3373 | lr=1.57e-06
2026-03-17 00:01:59 - INFO - __main__ - [stage3] Epoch 30 Step 200/1887 | loss=1.5966 infonce=1.4613 dist=0.3383 | lr=2.12e-06
2026-03-17 00:02:37 - INFO - __main__ - [stage3] Epoch 30 Step 250/1887 | loss=1.5644 infonce=1.4283 dist=0.3402 | lr=2.63e-06
2026-03-17 00:03:14 - INFO - __main__ - [stage3] Epoch 30 Step 300/1887 | loss=1.5397 infonce=1.4020 dist=0.3442 | lr=3.18e-06
2026-03-17 00:03:51 - INFO - __main__ - [stage3] Epoch 30 Step 350/1887 | loss=1.5090 infonce=1.3695 dist=0.3487 | lr=3.69e-06
2026-03-17 00:04:28 - INFO - __main__ - [stage3] Epoch 30 Step 400/1887 | loss=1.4672 infonce=1.3256 dist=0.3541 | lr=4.25e-06
2026-03-17 00:05:05 - INFO - __main__ - [stage3] Epoch 30 Step 450/1887 | loss=1.3891 infonce=1.2440 dist=0.3627 | lr=4.76e-06
2026-03-17 00:05:42 - INFO - __main__ - [stage3] Epoch 30 Step 500/1887 | loss=1.2948 infonce=1.1480 dist=0.3668 | lr=5.31e-06
2026-03-17 00:06:19 - INFO - __main__ - [stage3] Epoch 30 Step 550/1887 | loss=1.2081 infonce=1.0624 dist=0.3641 | lr=5.82e-06
2026-03-17 00:06:57 - INFO - __main__ - [stage3] Epoch 30 Step 600/1887 | loss=1.1313 infonce=0.9868 dist=0.3610 | lr=6.37e-06
2026-03-17 00:07:34 - INFO - __main__ - [stage3] Epoch 30 Step 650/1887 | loss=1.0667 infonce=0.9236 dist=0.3577 | lr=6.88e-06
2026-03-17 00:08:11 - INFO - __main__ - [stage3] Epoch 30 Step 700/1887 | loss=1.0095 infonce=0.8678 dist=0.3544 | lr=7.43e-06
2026-03-17 00:08:47 - INFO - __main__ - [stage3] Epoch 30 Step 750/1887 | loss=0.9598 infonce=0.8193 dist=0.3513 | lr=7.94e-06
2026-03-17 00:09:25 - INFO - __main__ - [stage3] Epoch 30 Step 800/1887 | loss=0.9148 infonce=0.7754 dist=0.3485 | lr=8.49e-06
2026-03-17 00:10:02 - INFO - __main__ - [stage3] Epoch 30 Step 850/1887 | loss=0.8756 infonce=0.7374 dist=0.3455 | lr=9.00e-06
2026-03-17 00:10:39 - INFO - __main__ - [stage3] Epoch 30 Step 900/1887 | loss=0.8396 infonce=0.7026 dist=0.3425 | lr=9.55e-06
2026-03-17 00:11:16 - INFO - __main__ - [stage3] Epoch 30 Step 950/1887 | loss=0.8077 infonce=0.6716 dist=0.3402 | lr=1.01e-05
2026-03-17 00:11:55 - INFO - __main__ - [stage3] Epoch 30 Step 1000/1887 | loss=0.7788 infonce=0.6437 dist=0.3376 | lr=1.06e-05
2026-03-17 00:12:32 - INFO - __main__ - [stage3] Epoch 30 Step 1050/1887 | loss=0.7519 infonce=0.6178 dist=0.3352 | lr=1.11e-05
2026-03-17 00:13:10 - INFO - __main__ - [stage3] Epoch 30 Step 1100/1887 | loss=0.7270 infonce=0.5940 dist=0.3326 | lr=1.17e-05
2026-03-17 00:13:47 - INFO - __main__ - [stage3] Epoch 30 Step 1150/1887 | loss=0.7044 infonce=0.5724 dist=0.3300 | lr=1.22e-05
2026-03-17 00:14:24 - INFO - __main__ - [stage3] Epoch 30 Step 1200/1887 | loss=0.6832 infonce=0.5523 dist=0.3272 | lr=1.27e-05
2026-03-17 00:15:01 - INFO - __main__ - [stage3] Epoch 30 Step 1250/1887 | loss=0.6640 infonce=0.5341 dist=0.3248 | lr=1.32e-05
2026-03-17 00:15:38 - INFO - __main__ - [stage3] Epoch 30 Step 1300/1887 | loss=0.6453 infonce=0.5164 dist=0.3222 | lr=1.38e-05
2026-03-17 00:16:15 - INFO - __main__ - [stage3] Epoch 30 Step 1350/1887 | loss=0.6288 infonce=0.5008 dist=0.3199 | lr=1.43e-05
2026-03-17 00:16:52 - INFO - __main__ - [stage3] Epoch 30 Step 1400/1887 | loss=0.6129 infonce=0.4858 dist=0.3177 | lr=1.49e-05
2026-03-17 00:17:29 - INFO - __main__ - [stage3] Epoch 30 Step 1450/1887 | loss=0.5979 infonce=0.4716 dist=0.3156 | lr=1.54e-05
2026-03-17 00:18:06 - INFO - __main__ - [stage3] Epoch 30 Step 1500/1887 | loss=0.5837 infonce=0.4583 dist=0.3136 | lr=1.59e-05
2026-03-17 00:18:44 - INFO - __main__ - [stage3] Epoch 30 Step 1550/1887 | loss=0.5704 infonce=0.4458 dist=0.3114 | lr=1.64e-05
2026-03-17 00:19:21 - INFO - __main__ - [stage3] Epoch 30 Step 1600/1887 | loss=0.5581 infonce=0.4343 dist=0.3094 | lr=1.70e-05
2026-03-17 00:19:59 - INFO - __main__ - [stage3] Epoch 30 Step 1650/1887 | loss=0.5466 infonce=0.4236 dist=0.3075 | lr=1.75e-05
2026-03-17 00:20:36 - INFO - __main__ - [stage3] Epoch 30 Step 1700/1887 | loss=0.5353 infonce=0.4131 dist=0.3056 | lr=1.80e-05
2026-03-17 00:21:13 - INFO - __main__ - [stage3] Epoch 30 Step 1750/1887 | loss=0.5251 infonce=0.4035 dist=0.3039 | lr=1.86e-05
2026-03-17 00:21:50 - INFO - __main__ - [stage3] Epoch 30 Step 1800/1887 | loss=0.5152 infonce=0.3942 dist=0.3024 | lr=1.91e-05
2026-03-17 00:22:27 - INFO - __main__ - [stage3] Epoch 30 Step 1850/1887 | loss=0.5057 infonce=0.3854 dist=0.3008 | lr=1.96e-05
2026-03-17 00:22:55 - INFO - __main__ - [stage3] Epoch 30 finished | avg_loss=0.4990 accuracy=0.8801 | time=1407.3s | nan_batches=0
2026-03-17 00:23:48 - INFO - __main__ - Average Rank validation: q_vectors=2000, ctx_vectors=16000
2026-03-17 00:23:48 - INFO - __main__ - Average Rank: 35.69 (total questions=2000)
2026-03-17 00:23:51 - INFO - __main__ - Saved checkpoint: checkpoint_epoch_30.pt (epoch=30, step=471)
2026-03-17 00:23:54 - INFO - __main__ - Saved checkpoint: best_stage3.pt (epoch=30, step=471)
2026-03-17 00:23:54 - INFO - __main__ - Saved best model to ./checkpoints/trivia/best_model_stage3
2026-03-17 00:23:54 - INFO - __main__ - [stage3] New best avg_rank=35.6855 at epoch 30
2026-03-17 00:24:33 - INFO - __main__ - [stage3] Epoch 31 Step 50/1887 | loss=0.1368 infonce=0.0431 dist=0.2343 | lr=1.99e-05
2026-03-17 00:25:10 - INFO - __main__ - [stage3] Epoch 31 Step 100/1887 | loss=0.1403 infonce=0.0479 dist=0.2312 | lr=1.99e-05
2026-03-17 00:25:47 - INFO - __main__ - [stage3] Epoch 31 Step 150/1887 | loss=0.1427 infonce=0.0511 dist=0.2292 | lr=1.98e-05
2026-03-17 00:26:24 - INFO - __main__ - [stage3] Epoch 31 Step 200/1887 | loss=0.1417 infonce=0.0506 dist=0.2278 | lr=1.98e-05
2026-03-17 00:27:01 - INFO - __main__ - [stage3] Epoch 31 Step 250/1887 | loss=0.1439 infonce=0.0531 dist=0.2270 | lr=1.97e-05
2026-03-17 00:27:38 - INFO - __main__ - [stage3] Epoch 31 Step 300/1887 | loss=0.1431 infonce=0.0525 dist=0.2266 | lr=1.96e-05
2026-03-17 00:28:16 - INFO - __main__ - [stage3] Epoch 31 Step 350/1887 | loss=0.1435 infonce=0.0532 dist=0.2257 | lr=1.96e-05
2026-03-17 00:28:53 - INFO - __main__ - [stage3] Epoch 31 Step 400/1887 | loss=0.1419 infonce=0.0519 dist=0.2251 | lr=1.95e-05
2026-03-17 00:29:30 - INFO - __main__ - [stage3] Epoch 31 Step 450/1887 | loss=0.1416 infonce=0.0518 dist=0.2245 | lr=1.95e-05
2026-03-17 00:30:08 - INFO - __main__ - [stage3] Epoch 31 Step 500/1887 | loss=0.1406 infonce=0.0512 dist=0.2235 | lr=1.94e-05
2026-03-17 00:30:44 - INFO - __main__ - [stage3] Epoch 31 Step 550/1887 | loss=0.1407 infonce=0.0518 dist=0.2223 | lr=1.94e-05
2026-03-17 00:31:21 - INFO - __main__ - [stage3] Epoch 31 Step 600/1887 | loss=0.1399 infonce=0.0513 dist=0.2215 | lr=1.93e-05
2026-03-17 00:31:58 - INFO - __main__ - [stage3] Epoch 31 Step 650/1887 | loss=0.1396 infonce=0.0512 dist=0.2210 | lr=1.92e-05
2026-03-17 00:32:36 - INFO - __main__ - [stage3] Epoch 31 Step 700/1887 | loss=0.1395 infonce=0.0512 dist=0.2207 | lr=1.92e-05
2026-03-17 00:33:12 - INFO - __main__ - [stage3] Epoch 31 Step 750/1887 | loss=0.1387 infonce=0.0506 dist=0.2202 | lr=1.91e-05
2026-03-17 00:33:49 - INFO - __main__ - [stage3] Epoch 31 Step 800/1887 | loss=0.1380 infonce=0.0502 dist=0.2196 | lr=1.91e-05
2026-03-17 00:34:26 - INFO - __main__ - [stage3] Epoch 31 Step 850/1887 | loss=0.1384 infonce=0.0507 dist=0.2192 | lr=1.90e-05
2026-03-17 00:35:04 - INFO - __main__ - [stage3] Epoch 31 Step 900/1887 | loss=0.1382 infonce=0.0507 dist=0.2188 | lr=1.89e-05
2026-03-17 00:35:40 - INFO - __main__ - [stage3] Epoch 31 Step 950/1887 | loss=0.1378 infonce=0.0505 dist=0.2182 | lr=1.89e-05
2026-03-17 00:36:18 - INFO - __main__ - [stage3] Epoch 31 Step 1000/1887 | loss=0.1379 infonce=0.0507 dist=0.2180 | lr=1.88e-05
2026-03-17 00:36:55 - INFO - __main__ - [stage3] Epoch 31 Step 1050/1887 | loss=0.1378 infonce=0.0509 dist=0.2174 | lr=1.88e-05
2026-03-17 00:37:32 - INFO - __main__ - [stage3] Epoch 31 Step 1100/1887 | loss=0.1383 infonce=0.0516 dist=0.2169 | lr=1.87e-05
2026-03-17 00:38:10 - INFO - __main__ - [stage3] Epoch 31 Step 1150/1887 | loss=0.1381 infonce=0.0514 dist=0.2167 | lr=1.86e-05
2026-03-17 00:38:47 - INFO - __main__ - [stage3] Epoch 31 Step 1200/1887 | loss=0.1380 infonce=0.0514 dist=0.2163 | lr=1.86e-05
2026-03-17 00:39:24 - INFO - __main__ - [stage3] Epoch 31 Step 1250/1887 | loss=0.1373 infonce=0.0509 dist=0.2160 | lr=1.85e-05
2026-03-17 00:40:02 - INFO - __main__ - [stage3] Epoch 31 Step 1300/1887 | loss=0.1367 infonce=0.0505 dist=0.2155 | lr=1.85e-05
2026-03-17 00:40:39 - INFO - __main__ - [stage3] Epoch 31 Step 1350/1887 | loss=0.1367 infonce=0.0507 dist=0.2150 | lr=1.84e-05
2026-03-17 00:41:17 - INFO - __main__ - [stage3] Epoch 31 Step 1400/1887 | loss=0.1364 infonce=0.0506 dist=0.2146 | lr=1.84e-05
2026-03-17 00:41:54 - INFO - __main__ - [stage3] Epoch 31 Step 1450/1887 | loss=0.1363 infonce=0.0506 dist=0.2142 | lr=1.83e-05
2026-03-17 00:42:32 - INFO - __main__ - [stage3] Epoch 31 Step 1500/1887 | loss=0.1361 infonce=0.0505 dist=0.2139 | lr=1.82e-05
2026-03-17 00:43:09 - INFO - __main__ - [stage3] Epoch 31 Step 1550/1887 | loss=0.1360 infonce=0.0504 dist=0.2138 | lr=1.82e-05
2026-03-17 00:43:45 - INFO - __main__ - [stage3] Epoch 31 Step 1600/1887 | loss=0.1354 infonce=0.0500 dist=0.2135 | lr=1.81e-05
2026-03-17 00:44:22 - INFO - __main__ - [stage3] Epoch 31 Step 1650/1887 | loss=0.1350 infonce=0.0498 dist=0.2131 | lr=1.81e-05
2026-03-17 00:44:59 - INFO - __main__ - [stage3] Epoch 31 Step 1700/1887 | loss=0.1351 infonce=0.0499 dist=0.2129 | lr=1.80e-05
2026-03-17 00:45:36 - INFO - __main__ - [stage3] Epoch 31 Step 1750/1887 | loss=0.1350 infonce=0.0498 dist=0.2128 | lr=1.79e-05
2026-03-17 00:46:13 - INFO - __main__ - [stage3] Epoch 31 Step 1800/1887 | loss=0.1350 infonce=0.0500 dist=0.2125 | lr=1.79e-05
2026-03-17 00:46:49 - INFO - __main__ - [stage3] Epoch 31 Step 1850/1887 | loss=0.1347 infonce=0.0499 dist=0.2122 | lr=1.78e-05
2026-03-17 00:47:17 - INFO - __main__ - [stage3] Epoch 31 finished | avg_loss=0.1347 accuracy=0.9883 | time=1402.7s | nan_batches=0
2026-03-17 00:48:12 - INFO - __main__ - Average Rank validation: q_vectors=2000, ctx_vectors=16000
2026-03-17 00:48:12 - INFO - __main__ - Average Rank: 38.79 (total questions=2000)
2026-03-17 00:48:14 - INFO - __main__ - Saved checkpoint: checkpoint_epoch_31.pt (epoch=31, step=942)
2026-03-17 00:48:14 - INFO - __main__ - [stage3] No improvement. patience=1/5
2026-03-17 00:48:53 - INFO - __main__ - [stage3] Epoch 32 Step 50/1887 | loss=0.1139 infonce=0.0360 dist=0.1948 | lr=1.77e-05
2026-03-17 00:49:30 - INFO - __main__ - [stage3] Epoch 32 Step 100/1887 | loss=0.1129 infonce=0.0355 dist=0.1934 | lr=1.77e-05
2026-03-17 00:50:06 - INFO - __main__ - [stage3] Epoch 32 Step 150/1887 | loss=0.1145 infonce=0.0376 dist=0.1923 | lr=1.76e-05
2026-03-17 00:50:43 - INFO - __main__ - [stage3] Epoch 32 Step 200/1887 | loss=0.1145 infonce=0.0375 dist=0.1925 | lr=1.75e-05
2026-03-17 00:51:20 - INFO - __main__ - [stage3] Epoch 32 Step 250/1887 | loss=0.1134 infonce=0.0366 dist=0.1919 | lr=1.75e-05
2026-03-17 00:51:58 - INFO - __main__ - [stage3] Epoch 32 Step 300/1887 | loss=0.1134 infonce=0.0368 dist=0.1914 | lr=1.74e-05
2026-03-17 00:52:35 - INFO - __main__ - [stage3] Epoch 32 Step 350/1887 | loss=0.1135 infonce=0.0370 dist=0.1912 | lr=1.74e-05
2026-03-17 00:53:11 - INFO - __main__ - [stage3] Epoch 32 Step 400/1887 | loss=0.1137 infonce=0.0374 dist=0.1907 | lr=1.73e-05
2026-03-17 00:53:49 - INFO - __main__ - [stage3] Epoch 32 Step 450/1887 | loss=0.1137 infonce=0.0376 dist=0.1904 | lr=1.73e-05
2026-03-17 00:54:26 - INFO - __main__ - [stage3] Epoch 32 Step 500/1887 | loss=0.1130 infonce=0.0370 dist=0.1900 | lr=1.72e-05
2026-03-17 00:55:03 - INFO - __main__ - [stage3] Epoch 32 Step 550/1887 | loss=0.1125 infonce=0.0368 dist=0.1893 | lr=1.71e-05
2026-03-17 00:55:40 - INFO - __main__ - [stage3] Epoch 32 Step 600/1887 | loss=0.1127 infonce=0.0371 dist=0.1888 | lr=1.71e-05
2026-03-17 00:56:17 - INFO - __main__ - [stage3] Epoch 32 Step 650/1887 | loss=0.1136 infonce=0.0380 dist=0.1889 | lr=1.70e-05
2026-03-17 00:56:54 - INFO - __main__ - [stage3] Epoch 32 Step 700/1887 | loss=0.1140 infonce=0.0384 dist=0.1891 | lr=1.70e-05
2026-03-17 00:57:31 - INFO - __main__ - [stage3] Epoch 32 Step 750/1887 | loss=0.1136 infonce=0.0380 dist=0.1888 | lr=1.69e-05
2026-03-17 00:58:08 - INFO - __main__ - [stage3] Epoch 32 Step 800/1887 | loss=0.1137 infonce=0.0382 dist=0.1887 | lr=1.68e-05
2026-03-17 00:58:46 - INFO - __main__ - [stage3] Epoch 32 Step 850/1887 | loss=0.1135 infonce=0.0380 dist=0.1889 | lr=1.68e-05
2026-03-17 00:59:23 - INFO - __main__ - [stage3] Epoch 32 Step 900/1887 | loss=0.1134 infonce=0.0378 dist=0.1890 | lr=1.67e-05
2026-03-17 00:59:59 - INFO - __main__ - [stage3] Epoch 32 Step 950/1887 | loss=0.1133 infonce=0.0377 dist=0.1888 | lr=1.67e-05
2026-03-17 01:00:36 - INFO - __main__ - [stage3] Epoch 32 Step 1000/1887 | loss=0.1130 infonce=0.0376 dist=0.1885 | lr=1.66e-05
2026-03-17 01:01:13 - INFO - __main__ - [stage3] Epoch 32 Step 1050/1887 | loss=0.1128 infonce=0.0375 dist=0.1883 | lr=1.65e-05
2026-03-17 01:01:50 - INFO - __main__ - [stage3] Epoch 32 Step 1100/1887 | loss=0.1127 infonce=0.0375 dist=0.1881 | lr=1.65e-05
2026-03-17 01:02:26 - INFO - __main__ - [stage3] Epoch 32 Step 1150/1887 | loss=0.1129 infonce=0.0377 dist=0.1879 | lr=1.64e-05
2026-03-17 01:03:03 - INFO - __main__ - [stage3] Epoch 32 Step 1200/1887 | loss=0.1130 infonce=0.0379 dist=0.1879 | lr=1.64e-05
2026-03-17 01:03:40 - INFO - __main__ - [stage3] Epoch 32 Step 1250/1887 | loss=0.1133 infonce=0.0382 dist=0.1879 | lr=1.63e-05
2026-03-17 01:04:16 - INFO - __main__ - [stage3] Epoch 32 Step 1300/1887 | loss=0.1134 infonce=0.0382 dist=0.1880 | lr=1.63e-05
2026-03-17 01:04:53 - INFO - __main__ - [stage3] Epoch 32 Step 1350/1887 | loss=0.1132 infonce=0.0381 dist=0.1877 | lr=1.62e-05
2026-03-17 01:05:30 - INFO - __main__ - [stage3] Epoch 32 Step 1400/1887 | loss=0.1132 infonce=0.0382 dist=0.1874 | lr=1.61e-05
2026-03-17 01:06:07 - INFO - __main__ - [stage3] Epoch 32 Step 1450/1887 | loss=0.1131 infonce=0.0382 dist=0.1871 | lr=1.61e-05
2026-03-17 01:06:44 - INFO - __main__ - [stage3] Epoch 32 Step 1500/1887 | loss=0.1129 infonce=0.0381 dist=0.1868 | lr=1.60e-05
2026-03-17 01:07:21 - INFO - __main__ - [stage3] Epoch 32 Step 1550/1887 | loss=0.1129 infonce=0.0383 dist=0.1867 | lr=1.60e-05
2026-03-17 01:07:58 - INFO - __main__ - [stage3] Epoch 32 Step 1600/1887 | loss=0.1129 infonce=0.0382 dist=0.1866 | lr=1.59e-05
2026-03-17 01:08:35 - INFO - __main__ - [stage3] Epoch 32 Step 1650/1887 | loss=0.1126 infonce=0.0380 dist=0.1865 | lr=1.58e-05
2026-03-17 01:09:12 - INFO - __main__ - [stage3] Epoch 32 Step 1700/1887 | loss=0.1127 infonce=0.0381 dist=0.1864 | lr=1.58e-05
2026-03-17 01:09:49 - INFO - __main__ - [stage3] Epoch 32 Step 1750/1887 | loss=0.1125 infonce=0.0380 dist=0.1862 | lr=1.57e-05
2026-03-17 01:10:26 - INFO - __main__ - [stage3] Epoch 32 Step 1800/1887 | loss=0.1125 infonce=0.0381 dist=0.1860 | lr=1.57e-05
2026-03-17 01:11:03 - INFO - __main__ - [stage3] Epoch 32 Step 1850/1887 | loss=0.1123 infonce=0.0380 dist=0.1859 | lr=1.56e-05
2026-03-17 01:11:31 - INFO - __main__ - [stage3] Epoch 32 finished | avg_loss=0.1122 accuracy=0.9917 | time=1396.5s | nan_batches=0
2026-03-17 01:12:23 - INFO - __main__ - Average Rank validation: q_vectors=2000, ctx_vectors=16000
2026-03-17 01:12:24 - INFO - __main__ - Average Rank: 46.04 (total questions=2000)
2026-03-17 01:12:26 - INFO - __main__ - Saved checkpoint: checkpoint_epoch_32.pt (epoch=32, step=1413)
2026-03-17 01:12:26 - INFO - __main__ - [stage3] No improvement. patience=2/5
2026-03-17 01:13:04 - INFO - __main__ - [stage3] Epoch 33 Step 50/1887 | loss=0.1029 infonce=0.0325 dist=0.1759 | lr=1.55e-05
2026-03-17 01:13:42 - INFO - __main__ - [stage3] Epoch 33 Step 100/1887 | loss=0.0982 infonce=0.0292 dist=0.1726 | lr=1.54e-05
2026-03-17 01:14:19 - INFO - __main__ - [stage3] Epoch 33 Step 150/1887 | loss=0.0988 infonce=0.0300 dist=0.1720 | lr=1.54e-05
2026-03-17 01:14:56 - INFO - __main__ - [stage3] Epoch 33 Step 200/1887 | loss=0.0983 infonce=0.0297 dist=0.1716 | lr=1.53e-05
2026-03-17 01:15:33 - INFO - __main__ - [stage3] Epoch 33 Step 250/1887 | loss=0.0993 infonce=0.0305 dist=0.1720 | lr=1.53e-05
2026-03-17 01:16:10 - INFO - __main__ - [stage3] Epoch 33 Step 300/1887 | loss=0.0998 infonce=0.0310 dist=0.1719 | lr=1.52e-05
2026-03-17 01:16:47 - INFO - __main__ - [stage3] Epoch 33 Step 350/1887 | loss=0.1004 infonce=0.0316 dist=0.1719 | lr=1.52e-05
2026-03-17 01:17:24 - INFO - __main__ - [stage3] Epoch 33 Step 400/1887 | loss=0.0999 infonce=0.0311 dist=0.1720 | lr=1.51e-05
2026-03-17 01:18:01 - INFO - __main__ - [stage3] Epoch 33 Step 450/1887 | loss=0.0994 infonce=0.0308 dist=0.1715 | lr=1.50e-05
2026-03-17 01:18:37 - INFO - __main__ - [stage3] Epoch 33 Step 500/1887 | loss=0.0987 infonce=0.0302 dist=0.1713 | lr=1.50e-05
2026-03-17 01:19:14 - INFO - __main__ - [stage3] Epoch 33 Step 550/1887 | loss=0.0998 infonce=0.0314 dist=0.1712 | lr=1.49e-05
2026-03-17 01:19:51 - INFO - __main__ - [stage3] Epoch 33 Step 600/1887 | loss=0.0999 infonce=0.0314 dist=0.1711 | lr=1.49e-05
2026-03-17 01:20:28 - INFO - __main__ - [stage3] Epoch 33 Step 650/1887 | loss=0.0997 infonce=0.0313 dist=0.1711 | lr=1.48e-05
2026-03-17 01:21:05 - INFO - __main__ - [stage3] Epoch 33 Step 700/1887 | loss=0.0999 infonce=0.0315 dist=0.1710 | lr=1.47e-05
2026-03-17 01:21:42 - INFO - __main__ - [stage3] Epoch 33 Step 750/1887 | loss=0.0997 infonce=0.0313 dist=0.1709 | lr=1.47e-05
2026-03-17 01:22:19 - INFO - __main__ - [stage3] Epoch 33 Step 800/1887 | loss=0.0995 infonce=0.0311 dist=0.1708 | lr=1.46e-05
2026-03-17 01:22:55 - INFO - __main__ - [stage3] Epoch 33 Step 850/1887 | loss=0.0997 infonce=0.0314 dist=0.1709 | lr=1.46e-05
2026-03-17 01:23:32 - INFO - __main__ - [stage3] Epoch 33 Step 900/1887 | loss=0.0998 infonce=0.0315 dist=0.1709 | lr=1.45e-05
2026-03-17 01:24:10 - INFO - __main__ - [stage3] Epoch 33 Step 950/1887 | loss=0.0996 infonce=0.0313 dist=0.1709 | lr=1.44e-05
2026-03-17 01:24:47 - INFO - __main__ - [stage3] Epoch 33 Step 1000/1887 | loss=0.0997 infonce=0.0313 dist=0.1709 | lr=1.44e-05
2026-03-17 01:25:24 - INFO - __main__ - [stage3] Epoch 33 Step 1050/1887 | loss=0.0997 infonce=0.0314 dist=0.1707 | lr=1.43e-05
2026-03-17 01:26:01 - INFO - __main__ - [stage3] Epoch 33 Step 1100/1887 | loss=0.0996 infonce=0.0313 dist=0.1706 | lr=1.43e-05
2026-03-17 01:26:39 - INFO - __main__ - [stage3] Epoch 33 Step 1150/1887 | loss=0.0994 infonce=0.0313 dist=0.1704 | lr=1.42e-05
2026-03-17 01:27:16 - INFO - __main__ - [stage3] Epoch 33 Step 1200/1887 | loss=0.0993 infonce=0.0312 dist=0.1703 | lr=1.41e-05
2026-03-17 01:27:52 - INFO - __main__ - [stage3] Epoch 33 Step 1250/1887 | loss=0.0993 infonce=0.0312 dist=0.1702 | lr=1.41e-05
2026-03-17 01:28:29 - INFO - __main__ - [stage3] Epoch 33 Step 1300/1887 | loss=0.0993 infonce=0.0313 dist=0.1700 | lr=1.40e-05
2026-03-17 01:29:06 - INFO - __main__ - [stage3] Epoch 33 Step 1350/1887 | loss=0.0993 infonce=0.0313 dist=0.1700 | lr=1.40e-05
2026-03-17 01:29:43 - INFO - __main__ - [stage3] Epoch 33 Step 1400/1887 | loss=0.0994 infonce=0.0314 dist=0.1699 | lr=1.39e-05
2026-03-17 01:30:19 - INFO - __main__ - [stage3] Epoch 33 Step 1450/1887 | loss=0.0994 infonce=0.0315 dist=0.1698 | lr=1.39e-05
2026-03-17 01:30:56 - INFO - __main__ - [stage3] Epoch 33 Step 1500/1887 | loss=0.0994 infonce=0.0315 dist=0.1697 | lr=1.38e-05
2026-03-17 01:31:33 - INFO - __main__ - [stage3] Epoch 33 Step 1550/1887 | loss=0.0994 infonce=0.0315 dist=0.1697 | lr=1.37e-05
2026-03-17 01:32:10 - INFO - __main__ - [stage3] Epoch 33 Step 1600/1887 | loss=0.0992 infonce=0.0314 dist=0.1695 | lr=1.37e-05
2026-03-17 01:32:47 - INFO - __main__ - [stage3] Epoch 33 Step 1650/1887 | loss=0.0990 infonce=0.0312 dist=0.1694 | lr=1.36e-05
2026-03-17 01:33:24 - INFO - __main__ - [stage3] Epoch 33 Step 1700/1887 | loss=0.0989 infonce=0.0312 dist=0.1692 | lr=1.36e-05
2026-03-17 01:34:01 - INFO - __main__ - [stage3] Epoch 33 Step 1750/1887 | loss=0.0989 infonce=0.0312 dist=0.1692 | lr=1.35e-05
2026-03-17 01:34:37 - INFO - __main__ - [stage3] Epoch 33 Step 1800/1887 | loss=0.0988 infonce=0.0312 dist=0.1691 | lr=1.34e-05
2026-03-17 01:35:14 - INFO - __main__ - [stage3] Epoch 33 Step 1850/1887 | loss=0.0989 infonce=0.0313 dist=0.1691 | lr=1.34e-05
2026-03-17 01:35:43 - INFO - __main__ - [stage3] Epoch 33 finished | avg_loss=0.0990 accuracy=0.9935 | time=1396.5s | nan_batches=0
2026-03-17 01:36:35 - INFO - __main__ - Average Rank validation: q_vectors=2000, ctx_vectors=16000
2026-03-17 01:36:35 - INFO - __main__ - Average Rank: 54.35 (total questions=2000)
2026-03-17 01:36:38 - INFO - __main__ - Saved checkpoint: checkpoint_epoch_33.pt (epoch=33, step=1884)
2026-03-17 01:36:38 - INFO - __main__ - [stage3] No improvement. patience=3/5
2026-03-17 01:37:16 - INFO - __main__ - [stage3] Epoch 34 Step 50/1887 | loss=0.0944 infonce=0.0301 dist=0.1608 | lr=1.33e-05
2026-03-17 01:37:53 - INFO - __main__ - [stage3] Epoch 34 Step 100/1887 | loss=0.0930 infonce=0.0295 dist=0.1589 | lr=1.32e-05
2026-03-17 01:38:30 - INFO - __main__ - [stage3] Epoch 34 Step 150/1887 | loss=0.0927 infonce=0.0292 dist=0.1588 | lr=1.32e-05
2026-03-17 01:39:07 - INFO - __main__ - [stage3] Epoch 34 Step 200/1887 | loss=0.0916 infonce=0.0281 dist=0.1589 | lr=1.31e-05
2026-03-17 01:39:44 - INFO - __main__ - [stage3] Epoch 34 Step 250/1887 | loss=0.0925 infonce=0.0287 dist=0.1594 | lr=1.31e-05
2026-03-17 01:40:21 - INFO - __main__ - [stage3] Epoch 34 Step 300/1887 | loss=0.0918 infonce=0.0281 dist=0.1594 | lr=1.30e-05
2026-03-17 01:40:58 - INFO - __main__ - [stage3] Epoch 34 Step 350/1887 | loss=0.0911 infonce=0.0276 dist=0.1586 | lr=1.29e-05
2026-03-17 01:41:35 - INFO - __main__ - [stage3] Epoch 34 Step 400/1887 | loss=0.0915 infonce=0.0282 dist=0.1582 | lr=1.29e-05
2026-03-17 01:42:12 - INFO - __main__ - [stage3] Epoch 34 Step 450/1887 | loss=0.0910 infonce=0.0278 dist=0.1580 | lr=1.28e-05
2026-03-17 01:42:50 - INFO - __main__ - [stage3] Epoch 34 Step 500/1887 | loss=0.0906 infonce=0.0275 dist=0.1578 | lr=1.28e-05
2026-03-17 01:43:27 - INFO - __main__ - [stage3] Epoch 34 Step 550/1887 | loss=0.0907 infonce=0.0276 dist=0.1577 | lr=1.27e-05
2026-03-17 01:44:03 - INFO - __main__ - [stage3] Epoch 34 Step 600/1887 | loss=0.0904 infonce=0.0273 dist=0.1577 | lr=1.26e-05
2026-03-17 01:44:41 - INFO - __main__ - [stage3] Epoch 34 Step 650/1887 | loss=0.0904 infonce=0.0273 dist=0.1576 | lr=1.26e-05
2026-03-17 01:45:17 - INFO - __main__ - [stage3] Epoch 34 Step 700/1887 | loss=0.0905 infonce=0.0275 dist=0.1576 | lr=1.25e-05
2026-03-17 01:45:54 - INFO - __main__ - [stage3] Epoch 34 Step 750/1887 | loss=0.0902 infonce=0.0272 dist=0.1575 | lr=1.25e-05
2026-03-17 01:46:31 - INFO - __main__ - [stage3] Epoch 34 Step 800/1887 | loss=0.0903 infonce=0.0273 dist=0.1573 | lr=1.24e-05
2026-03-17 01:47:07 - INFO - __main__ - [stage3] Epoch 34 Step 850/1887 | loss=0.0904 infonce=0.0275 dist=0.1573 | lr=1.23e-05
2026-03-17 01:47:45 - INFO - __main__ - [stage3] Epoch 34 Step 900/1887 | loss=0.0902 infonce=0.0272 dist=0.1573 | lr=1.23e-05
2026-03-17 01:48:22 - INFO - __main__ - [stage3] Epoch 34 Step 950/1887 | loss=0.0902 infonce=0.0273 dist=0.1572 | lr=1.22e-05
2026-03-17 01:48:59 - INFO - __main__ - [stage3] Epoch 34 Step 1000/1887 | loss=0.0906 infonce=0.0277 dist=0.1573 | lr=1.22e-05
2026-03-17 01:49:36 - INFO - __main__ - [stage3] Epoch 34 Step 1050/1887 | loss=0.0908 infonce=0.0278 dist=0.1574 | lr=1.21e-05
2026-03-17 01:50:12 - INFO - __main__ - [stage3] Epoch 34 Step 1100/1887 | loss=0.0907 infonce=0.0277 dist=0.1574 | lr=1.20e-05
2026-03-17 01:50:48 - INFO - __main__ - [stage3] Epoch 34 Step 1150/1887 | loss=0.0906 infonce=0.0276 dist=0.1574 | lr=1.20e-05
2026-03-17 01:51:26 - INFO - __main__ - [stage3] Epoch 34 Step 1200/1887 | loss=0.0908 infonce=0.0278 dist=0.1575 | lr=1.19e-05
2026-03-17 01:52:03 - INFO - __main__ - [stage3] Epoch 34 Step 1250/1887 | loss=0.0909 infonce=0.0279 dist=0.1574 | lr=1.19e-05
2026-03-17 01:52:40 - INFO - __main__ - [stage3] Epoch 34 Step 1300/1887 | loss=0.0908 infonce=0.0278 dist=0.1574 | lr=1.18e-05
2026-03-17 01:53:16 - INFO - __main__ - [stage3] Epoch 34 Step 1350/1887 | loss=0.0908 infonce=0.0279 dist=0.1574 | lr=1.18e-05
2026-03-17 01:53:54 - INFO - __main__ - [stage3] Epoch 34 Step 1400/1887 | loss=0.0909 infonce=0.0280 dist=0.1573 | lr=1.17e-05
2026-03-17 01:54:30 - INFO - __main__ - [stage3] Epoch 34 Step 1450/1887 | loss=0.0911 infonce=0.0282 dist=0.1573 | lr=1.16e-05
2026-03-17 01:55:08 - INFO - __main__ - [stage3] Epoch 34 Step 1500/1887 | loss=0.0912 infonce=0.0283 dist=0.1572 | lr=1.16e-05
2026-03-17 01:55:45 - INFO - __main__ - [stage3] Epoch 34 Step 1550/1887 | loss=0.0914 infonce=0.0286 dist=0.1572 | lr=1.15e-05
2026-03-17 01:56:22 - INFO - __main__ - [stage3] Epoch 34 Step 1600/1887 | loss=0.0916 infonce=0.0287 dist=0.1572 | lr=1.15e-05
2026-03-17 01:56:59 - INFO - __main__ - [stage3] Epoch 34 Step 1650/1887 | loss=0.0916 infonce=0.0287 dist=0.1573 | lr=1.14e-05
2026-03-17 01:57:36 - INFO - __main__ - [stage3] Epoch 34 Step 1700/1887 | loss=0.0917 infonce=0.0288 dist=0.1573 | lr=1.13e-05
2026-03-17 01:58:13 - INFO - __main__ - [stage3] Epoch 34 Step 1750/1887 | loss=0.0916 infonce=0.0287 dist=0.1573 | lr=1.13e-05
2026-03-17 01:58:50 - INFO - __main__ - [stage3] Epoch 34 Step 1800/1887 | loss=0.0915 infonce=0.0286 dist=0.1573 | lr=1.12e-05
2026-03-17 01:59:27 - INFO - __main__ - [stage3] Epoch 34 Step 1850/1887 | loss=0.0914 infonce=0.0285 dist=0.1572 | lr=1.12e-05
2026-03-17 01:59:56 - INFO - __main__ - [stage3] Epoch 34 finished | avg_loss=0.0913 accuracy=0.9941 | time=1398.5s | nan_batches=0
2026-03-17 02:00:49 - INFO - __main__ - Average Rank validation: q_vectors=2000, ctx_vectors=16000
2026-03-17 02:00:49 - INFO - __main__ - Average Rank: 59.94 (total questions=2000)
2026-03-17 02:00:52 - INFO - __main__ - Saved checkpoint: checkpoint_epoch_34.pt (epoch=34, step=2355)
2026-03-17 02:00:52 - INFO - __main__ - [stage3] No improvement. patience=4/5
2026-03-17 02:01:30 - INFO - __main__ - [stage3] Epoch 35 Step 50/1887 | loss=0.0829 infonce=0.0231 dist=0.1495 | lr=1.11e-05
2026-03-17 02:02:07 - INFO - __main__ - [stage3] Epoch 35 Step 100/1887 | loss=0.0824 infonce=0.0226 dist=0.1496 | lr=1.10e-05
2026-03-17 02:02:44 - INFO - __main__ - [stage3] Epoch 35 Step 150/1887 | loss=0.0837 infonce=0.0241 dist=0.1491 | lr=1.10e-05
2026-03-17 02:03:21 - INFO - __main__ - [stage3] Epoch 35 Step 200/1887 | loss=0.0838 infonce=0.0242 dist=0.1491 | lr=1.09e-05
2026-03-17 02:03:58 - INFO - __main__ - [stage3] Epoch 35 Step 250/1887 | loss=0.0841 infonce=0.0247 dist=0.1486 | lr=1.08e-05
2026-03-17 02:04:35 - INFO - __main__ - [stage3] Epoch 35 Step 300/1887 | loss=0.0845 infonce=0.0250 dist=0.1488 | lr=1.08e-05
2026-03-17 02:05:12 - INFO - __main__ - [stage3] Epoch 35 Step 350/1887 | loss=0.0846 infonce=0.0252 dist=0.1487 | lr=1.07e-05
2026-03-17 02:05:49 - INFO - __main__ - [stage3] Epoch 35 Step 400/1887 | loss=0.0848 infonce=0.0254 dist=0.1485 | lr=1.07e-05
2026-03-17 02:06:25 - INFO - __main__ - [stage3] Epoch 35 Step 450/1887 | loss=0.0851 infonce=0.0259 dist=0.1480 | lr=1.06e-05
2026-03-17 02:07:03 - INFO - __main__ - [stage3] Epoch 35 Step 500/1887 | loss=0.0850 infonce=0.0258 dist=0.1479 | lr=1.05e-05
2026-03-17 02:07:39 - INFO - __main__ - [stage3] Epoch 35 Step 550/1887 | loss=0.0852 infonce=0.0260 dist=0.1479 | lr=1.05e-05
2026-03-17 02:08:17 - INFO - __main__ - [stage3] Epoch 35 Step 600/1887 | loss=0.0852 infonce=0.0261 dist=0.1479 | lr=1.04e-05
2026-03-17 02:08:53 - INFO - __main__ - [stage3] Epoch 35 Step 650/1887 | loss=0.0855 infonce=0.0264 dist=0.1478 | lr=1.04e-05
2026-03-17 02:09:30 - INFO - __main__ - [stage3] Epoch 35 Step 700/1887 | loss=0.0856 infonce=0.0265 dist=0.1477 | lr=1.03e-05
2026-03-17 02:10:07 - INFO - __main__ - [stage3] Epoch 35 Step 750/1887 | loss=0.0854 infonce=0.0264 dist=0.1474 | lr=1.02e-05
2026-03-17 02:10:44 - INFO - __main__ - [stage3] Epoch 35 Step 800/1887 | loss=0.0855 infonce=0.0266 dist=0.1474 | lr=1.02e-05
2026-03-17 02:11:20 - INFO - __main__ - [stage3] Epoch 35 Step 850/1887 | loss=0.0856 infonce=0.0267 dist=0.1473 | lr=1.01e-05
2026-03-17 02:11:57 - INFO - __main__ - [stage3] Epoch 35 Step 900/1887 | loss=0.0857 infonce=0.0267 dist=0.1473 | lr=1.01e-05
2026-03-17 02:12:34 - INFO - __main__ - [stage3] Epoch 35 Step 950/1887 | loss=0.0860 infonce=0.0270 dist=0.1474 | lr=1.00e-05
2026-03-17 02:13:11 - INFO - __main__ - [stage3] Epoch 35 Step 1000/1887 | loss=0.0862 infonce=0.0272 dist=0.1475 | lr=9.95e-06
2026-03-17 02:13:48 - INFO - __main__ - [stage3] Epoch 35 Step 1050/1887 | loss=0.0859 infonce=0.0269 dist=0.1475 | lr=9.89e-06
2026-03-17 02:14:25 - INFO - __main__ - [stage3] Epoch 35 Step 1100/1887 | loss=0.0858 infonce=0.0267 dist=0.1476 | lr=9.83e-06
2026-03-17 02:15:02 - INFO - __main__ - [stage3] Epoch 35 Step 1150/1887 | loss=0.0857 infonce=0.0267 dist=0.1476 | lr=9.77e-06
2026-03-17 02:15:39 - INFO - __main__ - [stage3] Epoch 35 Step 1200/1887 | loss=0.0857 infonce=0.0266 dist=0.1477 | lr=9.71e-06
2026-03-17 02:16:16 - INFO - __main__ - [stage3] Epoch 35 Step 1250/1887 | loss=0.0856 infonce=0.0265 dist=0.1476 | lr=9.66e-06
2026-03-17 02:16:54 - INFO - __main__ - [stage3] Epoch 35 Step 1300/1887 | loss=0.0856 infonce=0.0266 dist=0.1476 | lr=9.59e-06
2026-03-17 02:17:31 - INFO - __main__ - [stage3] Epoch 35 Step 1350/1887 | loss=0.0855 infonce=0.0265 dist=0.1476 | lr=9.54e-06
2026-03-17 02:18:08 - INFO - __main__ - [stage3] Epoch 35 Step 1400/1887 | loss=0.0855 infonce=0.0264 dist=0.1477 | lr=9.48e-06
2026-03-17 02:18:45 - INFO - __main__ - [stage3] Epoch 35 Step 1450/1887 | loss=0.0855 infonce=0.0264 dist=0.1476 | lr=9.42e-06
2026-03-17 02:19:22 - INFO - __main__ - [stage3] Epoch 35 Step 1500/1887 | loss=0.0854 infonce=0.0263 dist=0.1477 | lr=9.36e-06
2026-03-17 02:19:59 - INFO - __main__ - [stage3] Epoch 35 Step 1550/1887 | loss=0.0856 infonce=0.0265 dist=0.1476 | lr=9.30e-06
2026-03-17 02:20:36 - INFO - __main__ - [stage3] Epoch 35 Step 1600/1887 | loss=0.0855 infonce=0.0264 dist=0.1476 | lr=9.24e-06
2026-03-17 02:21:13 - INFO - __main__ - [stage3] Epoch 35 Step 1650/1887 | loss=0.0856 infonce=0.0266 dist=0.1476 | lr=9.19e-06
2026-03-17 02:21:50 - INFO - __main__ - [stage3] Epoch 35 Step 1700/1887 | loss=0.0856 infonce=0.0266 dist=0.1476 | lr=9.12e-06
2026-03-17 02:22:26 - INFO - __main__ - [stage3] Epoch 35 Step 1750/1887 | loss=0.0856 infonce=0.0265 dist=0.1476 | lr=9.07e-06
2026-03-17 02:23:03 - INFO - __main__ - [stage3] Epoch 35 Step 1800/1887 | loss=0.0855 infonce=0.0264 dist=0.1475 | lr=9.01e-06
2026-03-17 02:23:40 - INFO - __main__ - [stage3] Epoch 35 Step 1850/1887 | loss=0.0855 infonce=0.0264 dist=0.1476 | lr=8.95e-06
2026-03-17 02:24:08 - INFO - __main__ - [stage3] Epoch 35 finished | avg_loss=0.0854 accuracy=0.9944 | time=1396.3s | nan_batches=0
2026-03-17 02:25:03 - INFO - __main__ - Average Rank validation: q_vectors=2000, ctx_vectors=16000
2026-03-17 02:25:03 - INFO - __main__ - Average Rank: 48.48 (total questions=2000)
2026-03-17 02:25:06 - INFO - __main__ - Saved checkpoint: checkpoint_epoch_35.pt (epoch=35, step=2826)
2026-03-17 02:25:06 - INFO - __main__ - [stage3] No improvement. patience=5/5
2026-03-17 02:25:06 - INFO - __main__ - [stage3] Early stopping triggered at epoch 35 (patience=5)
2026-03-17 02:25:06 - INFO - __main__ - Stage 3 complete. Best Average Rank: 35.69
2026-03-17 02:25:06 - INFO - __main__ - Loading best Stage 3 model from ./checkpoints/trivia/best_model_stage3
2026-03-17 02:25:10 - INFO - __main__ - ============================================================
2026-03-17 02:25:10 - INFO - __main__ - Training complete. Final model saved to ./checkpoints/trivia/best_model_trivia
2026-03-17 02:25:10 - INFO - __main__ - ============================================================
